[32m[INFO] 2026-09-14 11:34:49,828 [RapidOCR] base.py:23: Using engine_name: onnxruntime[0m
[32m[INFO] 2026-09-14 11:34:49,965 [RapidOCR] download_file.py:60: File exists and is valid: C:\Users\Asus\Downloads\projects\22_07\.venv\Lib\site-packages\rapidocr\models\PP-OCRv6_det_small.onnx[0m
[32m[INFO] 2026-09-14 11:34:49,966 [RapidOCR] main.py:63: Using C:\Users\Asus\Downloads\projects\22_07\.venv\Lib\site-packages\rapidocr\models\PP-OCRv6_det_small.onnx[0m
[32m[INFO] 2026-09-14 11:34:50,058 [RapidOCR] base.py:23: Using engine_name: onnxruntime[0m
[32m[INFO] 2026-09-14 11:34:50,060 [RapidOCR] download_file.py:60: File exists and is valid: C:\Users\Asus\Downloads\projects\22_07\.venv\Lib\site-packages\rapidocr\models\ch_ppocr_mobile_v2.0_cls_mobile.onnx[0m
[32m[INFO] 2026-09-14 11:34:50,061 [RapidOCR] main.py:63: Using C:\Users\Asus\Downloads\projects\22_07\.venv\Lib\site-packages\rapidocr\models\ch_ppocr_mobile_v2.0_cls_mobile.onnx[0m
[32m[INFO] 2026-09-14 11:34:50,141 [RapidOCR] base.py:23: Using engine_name: onnxruntime[0m
[32m[INFO] 2026-09-14 11:34:50,163 [RapidOCR] download_file.py:60: File exists and is valid: C:\Users\Asus\Downloads\projects\22_07\.venv\Lib\site-packages\rapidocr\models\PP-OCRv6_rec_small.onnx[0m
[32m[INFO] 2026-09-14 11:34:50,163 [RapidOCR] main.py:63: Using C:\Users\Asus\Downloads\projects\22_07\.venv\Lib\site-packages\rapidocr\models\PP-OCRv6_rec_small.onnx[0m
[transformers] `torch_dtype` is deprecated! Use `dtype` instead!
Loading weights:   0%|          | 0/770 [00:00<?, ?it/s]Loading weights:  63%|######2   | 485/770 [00:00<00:00, 4839.95it/s]Loading weights: 100%|##########| 770/770 [00:00<00:00, 4835.64it/s]
[33m[WARNING] 2026-09-14 11:34:58,012 [RapidOCR] main.py:132: The text detection result is empty[0m
RapidOCR returned empty result!
[pool] task 1/30 page=0 pid=34516 ms=8959 build_s=13.1 ram_avail=2.4GB
[pool] task 2/30 page=1 pid=34516 ms=396 build_s=13.1 ram_avail=2.4GB
[pool] task 3/30 page=2 pid=34516 ms=368 build_s=13.1 ram_avail=2.4GB
[pool] task 4/30 page=3 pid=34516 ms=910 build_s=13.1 ram_avail=2.2GB
[pool] task 5/30 page=4 pid=34516 ms=405 build_s=13.1 ram_avail=2.2GB
[pool] task 6/30 page=5 pid=34516 ms=5652 build_s=13.1 ram_avail=2.2GB
[pool] task 7/30 page=6 pid=34516 ms=2500 build_s=13.1 ram_avail=2.2GB
[pool] task 8/30 page=7 pid=34516 ms=2399 build_s=13.1 ram_avail=2.2GB
[pool] task 9/30 page=8 pid=34516 ms=2324 build_s=13.1 ram_avail=2.2GB
[pool] task 10/30 page=9 pid=34516 ms=2172 build_s=13.1 ram_avail=2.2GB
[pool] task 11/30 page=10 pid=34516 ms=1630 build_s=13.1 ram_avail=2.1GB
[pool] task 12/30 page=11 pid=34516 ms=1843 build_s=13.1 ram_avail=2.1GB
[pool] task 13/30 page=12 pid=34516 ms=3288 build_s=13.1 ram_avail=2.1GB
[pool] task 14/30 page=13 pid=34516 ms=1815 build_s=13.1 ram_avail=2.1GB
[pool] task 15/30 page=14 pid=34516 ms=5733 build_s=13.1 ram_avail=2.1GB
[pool] task 16/30 page=15 pid=34516 ms=8264 build_s=13.1 ram_avail=2.1GB
[pool] task 17/30 page=16 pid=34516 ms=477 build_s=13.1 ram_avail=2.1GB
[pool] task 18/30 page=17 pid=34516 ms=406 build_s=13.1 ram_avail=2.1GB
[pool] task 19/30 page=18 pid=34516 ms=400 build_s=13.1 ram_avail=2.1GB
[pool] task 20/30 page=19 pid=34516 ms=470 build_s=13.1 ram_avail=2.1GB
